Microchip MPLAB XC8 Compiler V2.45

Linker command line:

-W-3 \
  --edf=C:\Program Files\Microchip\xc8\v2.45\pic\dat\20230818022343_en.msgs \
  -cn -h+dist/default/debug\pic_arm_pto.X.debug.sym \
  --cmf=dist/default/debug\pic_arm_pto.X.debug.cmf -z -Q18F4620 \
  -oC:\Users\mokhtar\AppData\Local\Temp\xcAsbvo.\driver_tmp_3.o \
  --defsym=__MPLAB_BUILD=1 --fixupoverflow=error \
  -Mdist/default/debug/pic_arm_pto.X.debug.map \
  --md=C:\Users\mokhtar\AppData\Local\Temp\xcAsbvo.\driver_tmp_0.dat -E1 \
  -ver=XC8 Compiler --acfsm=1493 -ACODE=00h-0FFFFh -ACONST=00h-0FFFFh \
  -ASMALLCONST=01000h-010FFhx240 -AMEDIUMCONST=01000h-0FFFFh \
  -ACOMRAM=01h-07Fh -AABS1=00h-0F7Fh -ABIGRAM=01h-0F7Fh \
  -ARAM=080h-0FFh,0100h-01FFhx14,0F00h-0F7Fh -ABANK0=080h-0FFh \
  -ABANK1=0100h-01FFh -ABANK2=0200h-02FFh -ABANK3=0300h-03FFh \
  -ABANK4=0400h-04FFh -ABANK5=0500h-05FFh -ABANK6=0600h-06FFh \
  -ABANK7=0700h-07FFh -ABANK8=0800h-08FFh -ABANK9=0900h-09FFh \
  -ABANK10=0A00h-0AFFh -ABANK11=0B00h-0BFFh -ABANK12=0C00h-0CFFh \
  -ABANK13=0D00h-0DFFh -ABANK14=0E00h-0EFFh -ABANK15=0F00h-0F7Fh \
  -ASFR=0F80h-0FFFh -ABIGSFR=0F80h-0FFFh -ACONFIG=0300000h-030000Dh \
  -AIDLOC=0200000h-0200007h -AEEDATA=0F00000h-0F003FFh -peeprom_data=EEDATA \
  -preset_vec=00h,intcode=08h,intcodelo,powerup,init -pramtop=01000h \
  -psmallconst=SMALLCONST -pmediumconst=MEDIUMCONST -pconst=CONST \
  -AFARRAM=00h-00h \
  -prdata=COMRAM,nvrram=COMRAM,nvbit=COMRAM,rbss=COMRAM,rbit=COMRAM \
  -pfarbss=FARRAM,fardata=FARRAM,nvFARRAM=FARRAM \
  -pintsave_regs=BIGRAM,bigbss=BIGRAM,bigdata=BIGRAM -pbss=RAM \
  -pidata=CODE,irdata=CODE,ibigdata=CODE,ifardata=CODE -prparam=COMRAM \
  C:\Users\mokhtar\AppData\Local\Temp\xcAsbvo.\driver_tmp_14.o \
  dist/default/debug\pic_arm_pto.X.debug.o 

Object code version is 3.11

Machine type is 18F4620



                Name                               Link     Load   Length Selector   Space Scale
C:\Users\mokhtar\AppData\Local\Temp\xcAsbvo.\driver_tmp_14.o
                config                           300000   300000        E        0       4
                init                                  E        E        4        4       0
                reset_vec                             0        0        4        0       0
dist/default/debug\pic_arm_pto.X.debug.o
                intcode                               8        8        6        4       0
                config                           300000   300000        E        0       4
                temp                                 73       73        1        1       1
                smallconst                         1000     1000       34      800       0
                text99                             56CE     56CE        4     2A8E       0
                text98                             56CA     56CA        4     2A8E       0
                text97                             56C6     56C6        4     2A8E       0
                text96                             530C     530C       38     2781       0
                text95                             4970     4970       8C      81A       0
                text94                             549A     549A       2E     2781       0
                text93                             543C     543C       30     2781       0
                text92                             540C     540C       30     2781       0
                text91                             53DC     53DC       30     2781       0
                text90                             56C2     56C2        4     2A8E       0
                text89                             56BE     56BE        4     2A8E       0
                text88                             5640     5640       1A     2A8E       0
                text87                             5626     5626       1A     2A8E       0
                text86                             560C     560C       1A     2A8E       0
                text85                             55F2     55F2       1A     2A8E       0
                text84                             569A     569A        E     2A8E       0
                text83                             568C     568C        E     2A8E       0
                text82                             56A8     56A8        8     2A8E       0
                text81                             567E     567E        E     2A8E       0
                text80                             55BC     55BC       1C     2A8E       0
                text79                             566C     566C       12     2A8E       0
                text78                             546C     546C       2E     2781       0
                text77                             56BA     56BA        4     2A8E       0
                intcode_body                       2414     2414      416      81A       0
                text75                             4F02     4F02       4C     2781       0
                text74                             40AE     40AE       BE      81A       0
                text73                             3D7E     3D7E       D8      81A       0
                text72                             522A     522A       3A     2781       0
                text71                             551C     551C       24     2A8E       0
                text70                             4A7A     4A7A       7A      81A       0
                text69                             48E4     48E4       8C      81A       0
                text68                             1B2A     1B2A      4C0      81A       0
                text67                             282A     282A      39A      81A       0
                text66                             1FEA     1FEA      42A      81A       0
                text65                             3A84     3A84      106      81A       0
                text64                             2D92     2D92      1B4      81A       0
                text63                             396A     396A      11A      81A       0
                text62                             3850     3850      11A      81A       0
                text61                             565A     565A       12     2A8E       0
                text60                             52D4     52D4       38     2781       0
                text59                             529C     529C       38     2781       0
                text58                             4856     4856       8E      81A       0
                text57                             54C8     54C8       2A     2781       0
                text56                             4D8C     4D8C       60      81A       0
                text55                             469A     469A       98      81A       0
                text54                             3216     3216      166      81A       0
                text53                             4F98     4F98       4A     2781       0
                text52                             50F4     50F4       44     2781       0
                text51                             3FEE     3FEE       C0      81A       0
                text50                             4B66     4B66       72      81A       0
                text49                             4AF4     4AF4       72      81A       0
                text48                             3608     3608      12C      81A       0
                text47                             49FC     49FC       7E      81A       0
                text46                             34D4     34D4      134      81A       0
                text45                             3734     3734      11C      81A       0
                text44                             4CB6     4CB6       6C      81A       0
                text43                             53AC     53AC       30     2781       0
                text42                             5580     5580       20     2A8E       0
                text41                             5560     5560       20     2A8E       0
                text40                             5540     5540       20     2A8E       0
                text39                             42CE     42CE       AC      81A       0
                text38                             4C48     4C48       6E      81A       0
                text37                             4566     4566       9C      81A       0
                text36                             55A0     55A0       1C     2A8E       0
                text35                             4F4E     4F4E       4A     2781       0
                text34                             56B0     56B0        6     2A8E       0
                text33                             337C     337C      158      81A       0
                text32                             44C8     44C8       9E      81A       0
                text31                             4424     4424       A4      81A       0
                text30                             4D22     4D22       6A      81A       0
                text29                             30AE     30AE      168      81A       0
                text28                             2F46     2F46      168      81A       0
                text27                             51F0     51F0       3A     2781       0
                text26                             4BD8     4BD8       70      81A       0
                text25                             4E4A     4E4A       5E      81A       0
                text24                             3C84     3C84       FA      81A       0
                text23                             51B4     51B4       3C     2781       0
                text22                             1648     1648      4E2      81A       0
                text21                             3B8A     3B8A       FA      81A       0
                text20                             3E56     3E56       D4      81A       0
                text19                             4FE2     4FE2       46     2781       0
                text18                             416C     416C       B2      81A       0
                text17                             4DEC     4DEC       5E      81A       0
                text16                             4602     4602       98      81A       0
                text15                             5178     5178       3C     2781       0
                text14                             4732     4732       96      81A       0
                text13                             50B0     50B0       44     2781       0
                text12                             506C     506C       44     2781       0
                text11                             5028     5028       44     2781       0
                text10                             3F2A     3F2A       C4      81A       0
                text9                              421E     421E       B0      81A       0
                text8                              5378     5378       34     2781       0
                text7                              56D2     56D2        2     2A8E       0
                text6                              437A     437A       AA      81A       0
                text5                              2BC4     2BC4      1CE      81A       0
                text4                              5138     5138       40     2781       0
                text3                              5344     5344       34     2781       0
                text2                              5264     5264       38     2781       0
                text1                              55D8     55D8       1A     2A8E       0
                text0                              1034     1034      614      81A       0
                cstackCOMRAM                          1        1       66        1       1
                cstackBANK0                          FB       FB        5       80       1
                cstackBANK1                         195      195        E      100       1
                dataBANK1                           100      100       59      100       1
                bssBANK1                            159      159       3C      100       1
                dataBANK0                            D2       D2       29       80       1
                bssBANK0                             80       80       52       80       1
                dataCOMRAM                           6F       6F        4        1       1
                bssCOMRAM                            67       67        8        1       1
                cinit                              47C8     47C8       8E      81A       0
                idataBANK1                         4EA8     4EA8       59      81A       0
                idataBANK0                         54F2     54F2       29     2781       0
                idataCOMRAM                        56B6     56B6        4     2A8E       0

TOTAL           Name                               Link     Load   Length     Space
        CLASS   CODE           
                intcode                               8        8        6         0
                init                                  E        E        4         0
                reset_vec                             0        0        4         0
                text99                             56CE     56CE        4         0
                text98                             56CA     56CA        4         0
                text97                             56C6     56C6        4         0
                text96                             530C     530C       38         0
                text95                             4970     4970       8C         0
                text94                             549A     549A       2E         0
                text93                             543C     543C       30         0
                text92                             540C     540C       30         0
                text91                             53DC     53DC       30         0
                text90                             56C2     56C2        4         0
                text89                             56BE     56BE        4         0
                text88                             5640     5640       1A         0
                text87                             5626     5626       1A         0
                text86                             560C     560C       1A         0
                text85                             55F2     55F2       1A         0
                text84                             569A     569A        E         0
                text83                             568C     568C        E         0
                text82                             56A8     56A8        8         0
                text81                             567E     567E        E         0
                text80                             55BC     55BC       1C         0
                text79                             566C     566C       12         0
                text78                             546C     546C       2E         0
                text77                             56BA     56BA        4         0
                intcode_body                       2414     2414      416         0
                text75                             4F02     4F02       4C         0
                text74                             40AE     40AE       BE         0
                text73                             3D7E     3D7E       D8         0
                text72                             522A     522A       3A         0
                text71                             551C     551C       24         0
                text70                             4A7A     4A7A       7A         0
                text69                             48E4     48E4       8C         0
                text68                             1B2A     1B2A      4C0         0
                text67                             282A     282A      39A         0
                text66                             1FEA     1FEA      42A         0
                text65                             3A84     3A84      106         0
                text64                             2D92     2D92      1B4         0
                text63                             396A     396A      11A         0
                text62                             3850     3850      11A         0
                text61                             565A     565A       12         0
                text60                             52D4     52D4       38         0
                text59                             529C     529C       38         0
                text58                             4856     4856       8E         0
                text57                             54C8     54C8       2A         0
                text56                             4D8C     4D8C       60         0
                text55                             469A     469A       98         0
                text54                             3216     3216      166         0
                text53                             4F98     4F98       4A         0
                text52                             50F4     50F4       44         0
                text51                             3FEE     3FEE       C0         0
                text50                             4B66     4B66       72         0
                text49                             4AF4     4AF4       72         0
                text48                             3608     3608      12C         0
                text47                             49FC     49FC       7E         0
                text46                             34D4     34D4      134         0
                text45                             3734     3734      11C         0
                text44                             4CB6     4CB6       6C         0
                text43                             53AC     53AC       30         0
                text42                             5580     5580       20         0
                text41                             5560     5560       20         0
                text40                             5540     5540       20         0
                text39                             42CE     42CE       AC         0
                text38                             4C48     4C48       6E         0
                text37                             4566     4566       9C         0
                text36                             55A0     55A0       1C         0
                text35                             4F4E     4F4E       4A         0
                text34                             56B0     56B0        6         0
                text33                             337C     337C      158         0
                text32                             44C8     44C8       9E         0
                text31                             4424     4424       A4         0
                text30                             4D22     4D22       6A         0
                text29                             30AE     30AE      168         0
                text28                             2F46     2F46      168         0
                text27                             51F0     51F0       3A         0
                text26                             4BD8     4BD8       70         0
                text25                             4E4A     4E4A       5E         0
                text24                             3C84     3C84       FA         0
                text23                             51B4     51B4       3C         0
                text22                             1648     1648      4E2         0
                text21                             3B8A     3B8A       FA         0
                text20                             3E56     3E56       D4         0
                text19                             4FE2     4FE2       46         0
                text18                             416C     416C       B2         0
                text17                             4DEC     4DEC       5E         0
                text16                             4602     4602       98         0
                text15                             5178     5178       3C         0
                text14                             4732     4732       96         0
                text13                             50B0     50B0       44         0
                text12                             506C     506C       44         0
                text11                             5028     5028       44         0
                text10                             3F2A     3F2A       C4         0
                text9                              421E     421E       B0         0
                text8                              5378     5378       34         0
                text7                              56D2     56D2        2         0
                text6                              437A     437A       AA         0
                text5                              2BC4     2BC4      1CE         0
                text4                              5138     5138       40         0
                text3                              5344     5344       34         0
                text2                              5264     5264       38         0
                text1                              55D8     55D8       1A         0
                text0                              1034     1034      614         0
                cinit                              47C8     47C8       8E         0
                idataBANK1                         4EA8     4EA8       59         0
                idataBANK0                         54F2     54F2       29         0
                idataCOMRAM                        56B6     56B6        4         0

        CLASS   CONST          

        CLASS   SMALLCONST     
                smallconst                         1000     1000       34         0

        CLASS   MEDIUMCONST    

        CLASS   COMRAM         
                temp                                 73       73        1         1
                cstackCOMRAM                          1        1       66         1
                dataCOMRAM                           6F       6F        4         1
                bssCOMRAM                            67       67        8         1

        CLASS   ABS1           

        CLASS   BIGRAM         

        CLASS   RAM            

        CLASS   BANK0          
                cstackBANK0                          FB       FB        5         1
                dataBANK0                            D2       D2       29         1
                bssBANK0                             80       80       52         1

        CLASS   BANK1          
                cstackBANK1                         195      195        E         1
                dataBANK1                           100      100       59         1
                bssBANK1                            159      159       3C         1

        CLASS   BANK2          

        CLASS   BANK3          

        CLASS   BANK4          

        CLASS   BANK5          

        CLASS   BANK6          

        CLASS   BANK7          

        CLASS   BANK8          

        CLASS   BANK9          

        CLASS   BANK10         

        CLASS   BANK11         

        CLASS   BANK12         

        CLASS   BANK13         

        CLASS   BANK14         

        CLASS   BANK15         

        CLASS   SFR            

        CLASS   BIGSFR         

        CLASS   CONFIG         
                config                           300000   300000        E         4

        CLASS   IDLOC          

        CLASS   EEDATA         

        CLASS   FARRAM         

        CLASS   HEAP           

        CLASS   STACK          



SEGMENTS        Name                           Load    Length   Top    Selector   Space  Class

                reset_vec                      000000  000004  000004         0       0  CODE    
                cstackCOMRAM                   000001  000073  000074         1       1  COMRAM  
                intcode                        000008  00000A  000012         4       0  CODE    
                bssBANK0                       000080  000080  000100        80       1  BANK0   
                dataBANK1                      000100  0000A3  0001A3       100       1  BANK1   
                smallconst                     001000  000034  001034       800       0  SMALLCON
                text0                          001034  003ECD  004F01       81A       0  CODE    
                text75                         004F02  000619  00551B      2781       0  CODE    
                text71                         00551C  0001B8  0056D4      2A8E       0  CODE    


UNUSED ADDRESS RANGES

        Name                Unused          Largest block    Delta
        BANK1            0001A3-0001FF               5D
        BANK10           000A00-000AFF              100
        BANK11           000B00-000BFF              100
        BANK12           000C00-000CFF              100
        BANK13           000D00-000DFF              100
        BANK14           000E00-000EFF              100
        BANK15           000F00-000F7F               80
        BANK2            000200-0002FF              100
        BANK3            000300-0003FF              100
        BANK4            000400-0004FF              100
        BANK5            000500-0005FF              100
        BANK6            000600-0006FF              100
        BANK7            000700-0007FF              100
        BANK8            000800-0008FF              100
        BANK9            000900-0009FF              100
        BIGRAM           000074-00007F                C
                         0001A3-000F7F              DDD
        BIGSFR           000F80-000FFF               80
        CODE             000004-000007                4
                         000012-000FFF              FEE
                         004F01-004F01                1
                         00551B-00551B                1
                         0056D4-00FFFF             A92C
        COMRAM           000074-00007F                C
        CONST            000004-000007                4
                         000012-000FFF              FEE
                         004F01-004F01                1
                         00551B-00551B                1
                         0056D4-00FFFF             A92C
        EEDATA           F00000-F003FF              400
        IDLOC            200000-200007                8
        MEDIUMCONST      004F01-004F01                1
                         00551B-00551B                1
                         0056D4-00FFFF             A92C
        RAM              0001A3-000F7F              100
        SFR              000F80-000FFF               80
        SMALLCONST       004F01-004F01                1
                         00551B-00551B                1
                         0056D4-00FFFF              100

                                  Symbol Table

?___awdiv                                        cstackCOMRAM 00000D
?___awmod                                        cstackCOMRAM 00000D
?___fladd                                        cstackCOMRAM 000034
?___fldiv                                        cstackCOMRAM 00001B
?___flmul                                        cstackCOMRAM 000044
?___fltol                                        cstackCOMRAM 00005D
?___lldiv                                        cstackCOMRAM 000019
?___lmul                                         cstackCOMRAM 00000D
?___xxtofl                                       cstackCOMRAM 00000D
?_abs                                            cstackCOMRAM 000013
?_sprintf                                        cstackCOMRAM 000026
?_vfprintf                                       cstackCOMRAM 000022
ADC_ISconversion_done@ADC_conf                   cstackCOMRAM 00000D
ADC_ISconversion_done@conversion_status          cstackCOMRAM 00000F
ADC_ISconversion_done@ret                        cstackCOMRAM 000010
ADC_ISconversion_result@ADC_conf                 cstackCOMRAM 00000D
ADC_ISconversion_result@conversion_result        cstackCOMRAM 00000F
ADC_ISconversion_result@ret                      cstackCOMRAM 000013
ADC_get_conversion_blocking@ADC_CHANNAL_SELECT   cstackCOMRAM 000017
ADC_get_conversion_blocking@ADC_conf             cstackCOMRAM 000015
ADC_get_conversion_blocking@conversion_status    cstackCOMRAM 000018
ADC_get_conversion_blocking@l_conversion_status  cstackCOMRAM 000019
ADC_get_conversion_blocking@ret                  cstackCOMRAM 00001A
ADC_inti@ADC_conf                                cstackCOMRAM 000010
ADC_inti@ret                                     cstackCOMRAM 000013
ADC_select_channal@ADC_CHANNAL_SELECT            cstackCOMRAM 000012
ADC_select_channal@ADC_conf                      cstackCOMRAM 000010
ADC_select_channal@ret                           cstackCOMRAM 000014
ADC_start_conversion@ADC_conf                    cstackCOMRAM 00000D
ADC_start_conversion@ret                         cstackCOMRAM 00000F
GPIO_PORT_WRITE_LOGIC@logic                      cstackCOMRAM 000001
GPIO_PORT_WRITE_LOGIC@port                       cstackCOMRAM 000004
GPIO_pIN_DIRECTION_INTIALIZE@config_pin          cstackCOMRAM 00000D
GPIO_pIN_DIRECTION_INTIALIZE@ret                 cstackCOMRAM 000014
GPIO_pIN_INTIALIZE@config_pin                    cstackCOMRAM 000016
GPIO_pIN_INTIALIZE@ret                           cstackCOMRAM 000019
GPIO_pIN_TOGGLE_LOGIC@config_pin                 cstackCOMRAM 00000D
GPIO_pIN_TOGGLE_LOGIC@ret                        cstackCOMRAM 000012
GPIO_pIN_WRITE_LOGIC@config_pin                  cstackCOMRAM 00000D
GPIO_pIN_WRITE_LOGIC@logic                       cstackCOMRAM 00000F
GPIO_pIN_WRITE_LOGIC@ret                         cstackCOMRAM 000015
I2C_Master_Mode_Clock_Configurations@i2c_obj     cstackBANK0  0000FB
I2C_Slave_Mode_Configurations@i2c_obj            cstackCOMRAM 00000D
INT0_setinterrupthandler@interrupthandler        cstackCOMRAM 00000D
INT1_setinterrupthandler@interrupthandler        cstackCOMRAM 00000D
INT2_setinterrupthandler@interrupthandler        cstackCOMRAM 00000D
Interrupt_Intx_Inti@INTERRUPT_INTX               cstackCOMRAM 00001D
Interrupt_Intx_Inti@ret                          cstackCOMRAM 00001F
MSSP_I2C_Init@i2c_obj                            cstackBANK0  0000FE
MSSP_I2C_Init@ret                                cstackBANK1  000195
MSSP_I2C_Interrupt_Configurations@i2c_obj        cstackCOMRAM 00000D
MSSP_I2C_Master_Read_Blocking@ack                cstackCOMRAM 00000F
MSSP_I2C_Master_Read_Blocking@i2c_data           cstackCOMRAM 000010
MSSP_I2C_Master_Read_Blocking@i2c_obj            cstackCOMRAM 00000D
MSSP_I2C_Master_Send_Repeated_Start@i2c_obj      cstackCOMRAM 00000D
MSSP_I2C_Master_Send_Start@i2c_obj               cstackCOMRAM 00000D
MSSP_I2C_Master_Send_Stop@i2c_obj                cstackCOMRAM 00000D
MSSP_I2C_Master_Write_Blocking@_ack              cstackCOMRAM 000010
MSSP_I2C_Master_Write_Blocking@i2c_data          cstackCOMRAM 00000F
MSSP_I2C_Master_Write_Blocking@i2c_obj           cstackCOMRAM 00000D
MSSP_I2C_Master_read_data_in_register@_ack       cstackCOMRAM 000018
MSSP_I2C_Master_read_data_in_register@i2c_data_1 cstackCOMRAM 000014
MSSP_I2C_Master_read_data_in_register@i2c_data_2 cstackCOMRAM 000015
MSSP_I2C_Master_read_data_in_register@i2c_obj    cstackCOMRAM 000012
MSSP_I2C_Master_read_data_in_register@ret_data   cstackCOMRAM 000016
RB4_ISR@value                                    cstackCOMRAM 000001
RB5_ISR@value                                    cstackCOMRAM 000001
RB6_ISR@value                                    cstackCOMRAM 000001
RB7_ISR@value                                    cstackCOMRAM 000001
Timer2_init@Timer2                               cstackCOMRAM 00000D
Timer2_init@ret                                  cstackCOMRAM 000010
_ADCON0bits                                      (abs)        000FC2
_ADCON1bits                                      (abs)        000FC1
_ADCON2bits                                      (abs)        000FC0
_ADC_                                            dataBANK1    000153
_ADC_2                                           dataBANK1    00014D
_ADC_INTERRUPTHANDLER                            bssBANK0     0000BA
_ADC_ISconversion_done                           text75       004F02
_ADC_ISconversion_result                         text74       0040AE
_ADC_VALUE                                       bssBANK0     0000CE
_ADC_VALUE_2                                     bssBANK0     0000CA
_ADC_VALUE_convert                               bssBANK0     0000C3
_ADC_get_conversion_blocking                     text70       004A7A
_ADC_handeler_funvtion                           text99       0056CE
_ADC_inti                                        text51       003FEE
_ADC_select_channal                              text72       00522A
_ADC_start_conversion                            text71       00551C
_ADRESH                                          (abs)        000FC4
_ADRESL                                          (abs)        000FC3
_BAUDCONbits                                     (abs)        000FB8
_CCP1CONbits                                     (abs)        000FBD
_CCP1_ISR                                        text98       0056CA
_CCP1_Interrupthandler                           bssBANK0     0000B8
_CCP2CONbits                                     (abs)        000FBA
_CCP2_ISR                                        text97       0056C6
_CCP2_Interrupthandler                           bssBANK0     0000B6
_CCPR1L                                          (abs)        000FBE
_CCPR2L                                          (abs)        000FBB
_EEADR                                           (abs)        000FA9
_EEADRH                                          (abs)        000FAA
_EECON1bits                                      (abs)        000FA6
_EECON2                                          (abs)        000FA7
_EEDATA                                          (abs)        000FA8
_GPIO_PORT_WRITE_LOGIC                           text96       00530C
_GPIO_pIN_DIRECTION_INTIALIZE                    text46       0034D4
_GPIO_pIN_INTIALIZE                              text44       004CB6
_GPIO_pIN_TOGGLE_LOGIC                           text69       0048E4
_GPIO_pIN_WRITE_LOGIC                            text45       003734
_I2C_DefaultInterruptHandle                      bssBANK0     0000B2
_I2C_Master_Mode_Clock_Configurations            text37       004566
_I2C_Report_Receive_Overflow_InterruptHandle     bssBANK0     0000B0
_I2C_Report_Write_Collision_InterruptHandler     bssBANK0     0000B4
_I2C_Slave_Mode_Configurations                   text36       0055A0
_INT0_ISR                                        text93       00543C
_INT0_setinterrupthandler                        text42       005580
_INT1_ISR                                        text92       00540C
_INT1_setinterrupthandler                        text41       005560
_INT2_ISR                                        text91       0053DC
_INT2_setinterrupthandler                        text40       005540
_INTCON2bits                                     (abs)        000FF1
_INTCON3bits                                     (abs)        000FF0
_INTCONbits                                      (abs)        000FF2
_INT_0                                           dataBANK1    000147
_IPR2bits                                        (abs)        000FA2
_Int0_interrupthandler                           bssBANK0     0000AE
_Int1_interrupthandler                           bssBANK0     0000AC
_Int2_interrupthandler                           bssBANK0     0000AA
_Interrupt_Intx_Inti                             text38       004C48
_LATA                                            (abs)        000F89
_LATB                                            (abs)        000F8A
_LATC                                            (abs)        000F8B
_LATD                                            (abs)        000F8C
_LATE                                            (abs)        000F8D
_LED_ROOM_1                                      dataBANK0    0000FA
_MSSP_I2C_BC_ISR                                 text90       0056C2
_MSSP_I2C_ISR                                    text89       0056BE
_MSSP_I2C_Init                                   text33       00337C
_MSSP_I2C_Interrupt_Configurations               text35       004F4E
_MSSP_I2C_Master_Read_Blocking                   text58       004856
_MSSP_I2C_Master_Send_Repeated_Start             text57       0054C8
_MSSP_I2C_Master_Send_Start                      text60       0052D4
_MSSP_I2C_Master_Send_Stop                       text59       00529C
_MSSP_I2C_Master_Write_Blocking                  text56       004D8C
_MSSP_I2C_Master_read_data_in_register           text55       00469A
_MSSP_I2C_Mode_GPIO_CFG                          text34       0056B0
_PIE1bits                                        (abs)        000F9D
_PIE2bits                                        (abs)        000FA0
_PIR1bits                                        (abs)        000F9E
_PIR2bits                                        (abs)        000FA1
_PORTA                                           (abs)        000F80
_PORTB                                           (abs)        000F81
_PORTBbits                                       (abs)        000F81
_PORTC                                           (abs)        000F82
_PORTD                                           (abs)        000F83
_PORTE                                           (abs)        000F84
_PR2                                             (abs)        000FCB
_RB4_ISR                                         text88       005640
_RB4_interrupthandler_high                       bssBANK0     0000A8
_RB4_interrupthandler_low                        bssBANK0     0000A6
_RB5_ISR                                         text87       005626
_RB5_interrupthandler_high                       bssBANK0     0000A4
_RB5_interrupthandler_low                        bssBANK0     0000A2
_RB6_ISR                                         text86       00560C
_RB6_interrupthandler_high                       bssBANK0     0000A0
_RB6_interrupthandler_low                        bssBANK0     00009E
_RB7_ISR                                         text85       0055F2
_RB7_interrupthandler_high                       bssBANK0     00009C
_RB7_interrupthandler_low                        bssBANK0     00009A
_RCREG                                           (abs)        000FAE
_RCSTAbits                                       (abs)        000FAB
_SPBRG                                           (abs)        000FAF
_SPBRGH                                          (abs)        000FB0
_SSPADD                                          (abs)        000FC8
_SSPBUF                                          (abs)        000FC9
_SSPCON1bits                                     (abs)        000FC6
_SSPCON2bits                                     (abs)        000FC5
_SSPSTATbits                                     (abs)        000FC7
_T0CONbits                                       (abs)        000FD5
_T1CONbits                                       (abs)        000FCD
_T2CONbits                                       (abs)        000FCA
_T3CONbits                                       (abs)        000FB1
_TIMER0_ISR                                      text84       00569A
_TIMER0_Interrupthandler                         bssBANK0     000098
_TIMER1_ISR                                      text83       00568C
_TIMER1_Interrupthandler                         bssBANK0     000094
_TIMER2_ISR                                      text82       0056A8
_TIMER2_Interrupthandler                         bssBANK0     000090
_TIMER3_ISR                                      text81       00567E
_TIMER3_Interrupthandler                         bssBANK0     00008E
_TMR0H                                           (abs)        000FD7
_TMR0L                                           (abs)        000FD6
_TMR1H                                           (abs)        000FCF
_TMR1L                                           (abs)        000FCE
_TMR2                                            (abs)        000FCC
_TMR3H                                           (abs)        000FB3
_TMR3L                                           (abs)        000FB2
_TRISA                                           (abs)        000F92
_TRISB                                           (abs)        000F93
_TRISC                                           (abs)        000F94
_TRISCbits                                       (abs)        000F94
_TRISD                                           (abs)        000F95
_TRISE                                           (abs)        000F96
_TXREG                                           (abs)        000FAD
_TXSTAbits                                       (abs)        000FAC
_Timer0_preload                                  bssBANK0     000096
_Timer1_preload                                  bssBANK0     000092
_Timer2                                          bssBANK1     000191
_Timer2_init                                     text32       0044C8
_Timer2_preload                                  bssBANK0     0000C0
_Timer3_preload                                  bssBANK0     00008C
_USART_FRAMERROR_Interrupthandler                bssBANK0     000086
_USART_OVERRUN_Interrupthandler                  bssBANK0     000084
_USART_RX_ISR                                    text78       00546C
_USART_RX_Interrupthandler                       bssBANK0     000088
_USART_TX_ISR                                    text77       0056BA
_USART_TX_Interrupthandler                       bssBANK0     00008A
__HRAM                                           (abs)        000000
__H__absolute__                                  __absolute__ 000000
__Habs1                                          abs1         000000
__Hbank0                                         bank0        000000
__Hbank1                                         bank1        000000
__Hbank10                                        bank10       000000
__Hbank11                                        bank11       000000
__Hbank12                                        bank12       000000
__Hbank13                                        bank13       000000
__Hbank14                                        bank14       000000
__Hbank15                                        bank15       000000
__Hbank2                                         bank2        000000
__Hbank3                                         bank3        000000
__Hbank4                                         bank4        000000
__Hbank5                                         bank5        000000
__Hbank6                                         bank6        000000
__Hbank7                                         bank7        000000
__Hbank8                                         bank8        000000
__Hbank9                                         bank9        000000
__Hbigbss                                        bigbss       000000
__Hbigdata                                       bigdata      000000
__Hbigram                                        bigram       000000
__Hbigsfr                                        bigsfr       000000
__Hbss                                           bss          000000
__HbssBANK0                                      bssBANK0     000000
__HbssBANK1                                      bssBANK1     000000
__HbssCOMRAM                                     bssCOMRAM    000000
__Hcinit                                         cinit        000000
__Hclrtext                                       clrtext      000000
__Hcomram                                        comram       000000
__Hconfig                                        config       30000E
__Hconst                                         const        000000
__HcstackBANK0                                   cstackBANK0  000000
__HcstackBANK1                                   cstackBANK1  000000
__HcstackCOMRAM                                  cstackCOMRAM 000000
__Hdata                                          data         000000
__HdataBANK0                                     dataBANK0    000000
__HdataBANK1                                     dataBANK1    000000
__HdataCOMRAM                                    dataCOMRAM   000000
__Heeprom_data                                   eeprom_data  000000
__Hfarbss                                        farbss       000000
__Hfardata                                       fardata      000000
__Hheap                                          heap         000000
__Hibigdata                                      ibigdata     000000
__Hidata                                         idata        000000
__HidataBANK0                                    idataBANK0   000000
__HidataBANK1                                    idataBANK1   000000
__HidataCOMRAM                                   idataCOMRAM  000000
__Hidloc                                         idloc        000000
__Hifardata                                      ifardata     000000
__Hinit                                          init         000012
__Hintcode                                       intcode      00000E
__Hintcode_body                                  intcode_body 000000
__Hintcodelo                                     intcodelo    00000E
__Hintentry                                      intentry     000000
__Hintret                                        intret       000000
__Hintsave_regs                                  intsave_regs 000000
__Hirdata                                        irdata       000000
__Hmediumconst                                   mediumconst  000000
__HnvFARRAM                                      nvFARRAM     000000
__Hnvbit                                         nvbit        000000
__Hnvrram                                        nvrram       000000
__Hparam                                         rparam       000000
__Hpowerup                                       powerup      00000E
__Hram                                           ram          000000
__Hramtop                                        ramtop       001000
__Hrbit                                          rbit         000000
__Hrbss                                          rbss         000000
__Hrdata                                         rdata        000000
__Hreset_vec                                     reset_vec    000004
__Hrparam                                        rparam       000000
__Hsfr                                           sfr          000000
__Hsmallconst                                    smallconst   001034
__Hspace_0                                       (abs)        0056D4
__Hspace_1                                       (abs)        0001A3
__Hspace_2                                       (abs)        000000
__Hspace_4                                       (abs)        60000E
__Hstack                                         stack        000000
__Hstruct                                        struct       000000
__Htemp                                          temp         000074
__Htext                                          text         000000
__Htext0                                         text0        000000
__Htext1                                         text1        000000
__Htext10                                        text10       000000
__Htext100                                       text100      000000
__Htext11                                        text11       000000
__Htext12                                        text12       000000
__Htext13                                        text13       000000
__Htext14                                        text14       000000
__Htext15                                        text15       000000
__Htext16                                        text16       000000
__Htext17                                        text17       000000
__Htext18                                        text18       000000
__Htext19                                        text19       000000
__Htext2                                         text2        000000
__Htext20                                        text20       000000
__Htext21                                        text21       000000
__Htext22                                        text22       000000
__Htext23                                        text23       000000
__Htext24                                        text24       000000
__Htext25                                        text25       000000
__Htext26                                        text26       000000
__Htext27                                        text27       000000
__Htext28                                        text28       000000
__Htext29                                        text29       000000
__Htext3                                         text3        000000
__Htext30                                        text30       000000
__Htext31                                        text31       000000
__Htext32                                        text32       000000
__Htext33                                        text33       000000
__Htext34                                        text34       000000
__Htext35                                        text35       000000
__Htext36                                        text36       000000
__Htext37                                        text37       000000
__Htext38                                        text38       000000
__Htext39                                        text39       000000
__Htext4                                         text4        000000
__Htext40                                        text40       000000
__Htext41                                        text41       000000
__Htext42                                        text42       000000
__Htext43                                        text43       000000
__Htext44                                        text44       000000
__Htext45                                        text45       000000
__Htext46                                        text46       000000
__Htext47                                        text47       000000
__Htext48                                        text48       000000
__Htext49                                        text49       000000
__Htext5                                         text5        000000
__Htext50                                        text50       000000
__Htext51                                        text51       000000
__Htext52                                        text52       000000
__Htext53                                        text53       000000
__Htext54                                        text54       000000
__Htext55                                        text55       000000
__Htext56                                        text56       000000
__Htext57                                        text57       000000
__Htext58                                        text58       000000
__Htext59                                        text59       000000
__Htext6                                         text6        000000
__Htext60                                        text60       000000
__Htext61                                        text61       000000
__Htext62                                        text62       000000
__Htext63                                        text63       000000
__Htext64                                        text64       000000
__Htext65                                        text65       000000
__Htext66                                        text66       000000
__Htext67                                        text67       000000
__Htext68                                        text68       000000
__Htext69                                        text69       000000
__Htext7                                         text7        000000
__Htext70                                        text70       000000
__Htext71                                        text71       000000
__Htext72                                        text72       000000
__Htext73                                        text73       000000
__Htext74                                        text74       000000
__Htext75                                        text75       000000
__Htext77                                        text77       000000
__Htext78                                        text78       000000
__Htext79                                        text79       000000
__Htext8                                         text8        000000
__Htext80                                        text80       000000
__Htext81                                        text81       000000
__Htext82                                        text82       000000
__Htext83                                        text83       000000
__Htext84                                        text84       000000
__Htext85                                        text85       000000
__Htext86                                        text86       000000
__Htext87                                        text87       000000
__Htext88                                        text88       000000
__Htext89                                        text89       000000
__Htext9                                         text9        000000
__Htext90                                        text90       000000
__Htext91                                        text91       000000
__Htext92                                        text92       000000
__Htext93                                        text93       000000
__Htext94                                        text94       000000
__Htext95                                        text95       000000
__Htext96                                        text96       000000
__Htext97                                        text97       000000
__Htext98                                        text98       000000
__Htext99                                        text99       000000
__LRAM                                           (abs)        000001
__L__absolute__                                  __absolute__ 000000
__Labs1                                          abs1         000000
__Lbank0                                         bank0        000000
__Lbank1                                         bank1        000000
__Lbank10                                        bank10       000000
__Lbank11                                        bank11       000000
__Lbank12                                        bank12       000000
__Lbank13                                        bank13       000000
__Lbank14                                        bank14       000000
__Lbank15                                        bank15       000000
__Lbank2                                         bank2        000000
__Lbank3                                         bank3        000000
__Lbank4                                         bank4        000000
__Lbank5                                         bank5        000000
__Lbank6                                         bank6        000000
__Lbank7                                         bank7        000000
__Lbank8                                         bank8        000000
__Lbank9                                         bank9        000000
__Lbigbss                                        bigbss       000000
__Lbigdata                                       bigdata      000000
__Lbigram                                        bigram       000000
__Lbigsfr                                        bigsfr       000000
__Lbss                                           bss          000000
__LbssBANK0                                      bssBANK0     000000
__LbssBANK1                                      bssBANK1     000000
__LbssCOMRAM                                     bssCOMRAM    000000
__Lcinit                                         cinit        000000
__Lclrtext                                       clrtext      000000
__Lcomram                                        comram       000000
__Lconfig                                        config       000000
__Lconst                                         const        000000
__LcstackBANK0                                   cstackBANK0  000000
__LcstackBANK1                                   cstackBANK1  000000
__LcstackCOMRAM                                  cstackCOMRAM 000000
__Ldata                                          data         000000
__LdataBANK0                                     dataBANK0    000000
__LdataBANK1                                     dataBANK1    000000
__LdataCOMRAM                                    dataCOMRAM   000000
__Leeprom_data                                   eeprom_data  000000
__Lfarbss                                        farbss       000000
__Lfardata                                       fardata      000000
__Lheap                                          heap         000000
__Libigdata                                      ibigdata     000000
__Lidata                                         idata        000000
__LidataBANK0                                    idataBANK0   000000
__LidataBANK1                                    idataBANK1   000000
__LidataCOMRAM                                   idataCOMRAM  000000
__Lidloc                                         idloc        000000
__Lifardata                                      ifardata     000000
__Linit                                          init         00000E
__Lintcode                                       intcode      000008
__Lintcode_body                                  intcode_body 000000
__Lintcodelo                                     intcodelo    00000E
__Lintentry                                      intentry     000000
__Lintret                                        intret       000000
__Lintsave_regs                                  intsave_regs 000000
__Lirdata                                        irdata       000000
__Lmediumconst                                   mediumconst  000000
__LnvFARRAM                                      nvFARRAM     000000
__Lnvbit                                         nvbit        000000
__Lnvrram                                        nvrram       000000
__Lparam                                         rparam       000000
__Lpowerup                                       powerup      00000E
__Lram                                           ram          000000
__Lramtop                                        ramtop       001000
__Lrbit                                          rbit         000000
__Lrbss                                          rbss         000000
__Lrdata                                         rdata        000000
__Lreset_vec                                     reset_vec    000000
__Lrparam                                        rparam       000000
__Lsfr                                           sfr          000000
__Lsmallconst                                    smallconst   001000
__Lspace_0                                       (abs)        000000
__Lspace_1                                       (abs)        000000
__Lspace_2                                       (abs)        000000
__Lspace_4                                       (abs)        000000
__Lstack                                         stack        000000
__Lstruct                                        struct       000000
__Ltemp                                          temp         000073
__Ltext                                          text         000000
__Ltext0                                         text0        000000
__Ltext1                                         text1        000000
__Ltext10                                        text10       000000
__Ltext100                                       text100      000000
__Ltext11                                        text11       000000
__Ltext12                                        text12       000000
__Ltext13                                        text13       000000
__Ltext14                                        text14       000000
__Ltext15                                        text15       000000
__Ltext16                                        text16       000000
__Ltext17                                        text17       000000
__Ltext18                                        text18       000000
__Ltext19                                        text19       000000
__Ltext2                                         text2        000000
__Ltext20                                        text20       000000
__Ltext21                                        text21       000000
__Ltext22                                        text22       000000
__Ltext23                                        text23       000000
__Ltext24                                        text24       000000
__Ltext25                                        text25       000000
__Ltext26                                        text26       000000
__Ltext27                                        text27       000000
__Ltext28                                        text28       000000
__Ltext29                                        text29       000000
__Ltext3                                         text3        000000
__Ltext30                                        text30       000000
__Ltext31                                        text31       000000
__Ltext32                                        text32       000000
__Ltext33                                        text33       000000
__Ltext34                                        text34       000000
__Ltext35                                        text35       000000
__Ltext36                                        text36       000000
__Ltext37                                        text37       000000
__Ltext38                                        text38       000000
__Ltext39                                        text39       000000
__Ltext4                                         text4        000000
__Ltext40                                        text40       000000
__Ltext41                                        text41       000000
__Ltext42                                        text42       000000
__Ltext43                                        text43       000000
__Ltext44                                        text44       000000
__Ltext45                                        text45       000000
__Ltext46                                        text46       000000
__Ltext47                                        text47       000000
__Ltext48                                        text48       000000
__Ltext49                                        text49       000000
__Ltext5                                         text5        000000
__Ltext50                                        text50       000000
__Ltext51                                        text51       000000
__Ltext52                                        text52       000000
__Ltext53                                        text53       000000
__Ltext54                                        text54       000000
__Ltext55                                        text55       000000
__Ltext56                                        text56       000000
__Ltext57                                        text57       000000
__Ltext58                                        text58       000000
__Ltext59                                        text59       000000
__Ltext6                                         text6        000000
__Ltext60                                        text60       000000
__Ltext61                                        text61       000000
__Ltext62                                        text62       000000
__Ltext63                                        text63       000000
__Ltext64                                        text64       000000
__Ltext65                                        text65       000000
__Ltext66                                        text66       000000
__Ltext67                                        text67       000000
__Ltext68                                        text68       000000
__Ltext69                                        text69       000000
__Ltext7                                         text7        000000
__Ltext70                                        text70       000000
__Ltext71                                        text71       000000
__Ltext72                                        text72       000000
__Ltext73                                        text73       000000
__Ltext74                                        text74       000000
__Ltext75                                        text75       000000
__Ltext77                                        text77       000000
__Ltext78                                        text78       000000
__Ltext79                                        text79       000000
__Ltext8                                         text8        000000
__Ltext80                                        text80       000000
__Ltext81                                        text81       000000
__Ltext82                                        text82       000000
__Ltext83                                        text83       000000
__Ltext84                                        text84       000000
__Ltext85                                        text85       000000
__Ltext86                                        text86       000000
__Ltext87                                        text87       000000
__Ltext88                                        text88       000000
__Ltext89                                        text89       000000
__Ltext9                                         text9        000000
__Ltext90                                        text90       000000
__Ltext91                                        text91       000000
__Ltext92                                        text92       000000
__Ltext93                                        text93       000000
__Ltext94                                        text94       000000
__Ltext95                                        text95       000000
__Ltext96                                        text96       000000
__Ltext97                                        text97       000000
__Ltext98                                        text98       000000
__Ltext99                                        text99       000000
__S0                                             (abs)        0056D4
__S1                                             (abs)        0001A3
__S4                                             (abs)        000000
__S5                                             (abs)        000000
___awdiv                                         text10       003F2A
___awdiv@counter                                 cstackCOMRAM 000011
___awdiv@dividend                                cstackCOMRAM 00000D
___awdiv@divisor                                 cstackCOMRAM 00000F
___awdiv@quotient                                cstackCOMRAM 000013
___awdiv@sign                                    cstackCOMRAM 000012
___awmod                                         text9        00421E
___awmod@counter                                 cstackCOMRAM 000011
___awmod@dividend                                cstackCOMRAM 00000D
___awmod@divisor                                 cstackCOMRAM 00000F
___awmod@sign                                    cstackCOMRAM 000012
___fladd                                         text68       001B2A
___fladd@a                                       cstackCOMRAM 000038
___fladd@aexp                                    cstackCOMRAM 000041
___fladd@b                                       cstackCOMRAM 000034
___fladd@bexp                                    cstackCOMRAM 000042
___fladd@grs                                     cstackCOMRAM 000043
___fladd@signs                                   cstackCOMRAM 000040
___fldiv                                         text67       00282A
___fldiv@a                                       cstackCOMRAM 00001F
___fldiv@aexp                                    cstackCOMRAM 000033
___fldiv@b                                       cstackCOMRAM 00001B
___fldiv@bexp                                    cstackCOMRAM 000032
___fldiv@grs                                     cstackCOMRAM 00002E
___fldiv@new_exp                                 cstackCOMRAM 00002C
___fldiv@rem                                     cstackCOMRAM 000027
___fldiv@sign                                    cstackCOMRAM 00002B
___flmul                                         text66       001FEA
___flmul@a                                       cstackCOMRAM 000048
___flmul@aexp                                    cstackCOMRAM 000051
___flmul@b                                       cstackCOMRAM 000044
___flmul@bexp                                    cstackCOMRAM 000056
___flmul@grs                                     cstackCOMRAM 000052
___flmul@prod                                    cstackCOMRAM 000057
___flmul@sign                                    cstackCOMRAM 000050
___flmul@temp                                    cstackCOMRAM 00005B
___fltol                                         text65       003A84
___fltol@exp1                                    cstackCOMRAM 000066
___fltol@f1                                      cstackCOMRAM 00005D
___fltol@sign1                                   cstackCOMRAM 000065
___heap_hi                                       (abs)        000000
___heap_lo                                       (abs)        000000
___inthi_sp                                      stack        000000
___inthi_stack_hi                                stack        000000
___inthi_stack_lo                                stack        000000
___intlo_sp                                      stack        000000
___intlo_stack_hi                                stack        000000
___intlo_stack_lo                                stack        000000
___lldiv                                         text31       004424
___lldiv@counter                                 cstackCOMRAM 000025
___lldiv@dividend                                cstackCOMRAM 000019
___lldiv@divisor                                 cstackCOMRAM 00001D
___lldiv@quotient                                cstackCOMRAM 000021
___lmul                                          text30       004D22
___lmul@multiplicand                             cstackCOMRAM 000011
___lmul@multiplier                               cstackCOMRAM 00000D
___lmul@product                                  cstackCOMRAM 000015
___param_bank                                    (abs)        000000
___rparam_used                                   (abs)        000001
___sp                                            stack        000000
___stack_hi                                      stack        000000
___stack_lo                                      stack        000000
___xxtofl                                        text64       002D92
___xxtofl@arg                                    cstackCOMRAM 000017
___xxtofl@exp                                    cstackCOMRAM 000016
___xxtofl@sign                                   cstackCOMRAM 000015
___xxtofl@val                                    cstackCOMRAM 00000D
__accesstop                                      (abs)        000080
__activetblptr                                   (abs)        000003
__end_of_ADC_ISconversion_done                   text75       004F4E
__end_of_ADC_ISconversion_result                 text74       00416C
__end_of_ADC_get_conversion_blocking             text70       004AF4
__end_of_ADC_handeler_funvtion                   text99       0056D2
__end_of_ADC_inti                                text51       0040AE
__end_of_ADC_select_channal                      text72       005264
__end_of_ADC_start_conversion                    text71       005540
__end_of_CCP1_ISR                                text98       0056CE
__end_of_CCP2_ISR                                text97       0056CA
__end_of_GPIO_PORT_WRITE_LOGIC                   text96       005344
__end_of_GPIO_pIN_DIRECTION_INTIALIZE            text46       003608
__end_of_GPIO_pIN_INTIALIZE                      text44       004D22
__end_of_GPIO_pIN_TOGGLE_LOGIC                   text69       004970
__end_of_GPIO_pIN_WRITE_LOGIC                    text45       003850
__end_of_I2C_Master_Mode_Clock_Configurations    text37       004602
__end_of_I2C_Slave_Mode_Configurations           text36       0055BC
__end_of_INT0_ISR                                text93       00546C
__end_of_INT0_setinterrupthandler                text42       0055A0
__end_of_INT1_ISR                                text92       00543C
__end_of_INT1_setinterrupthandler                text41       005580
__end_of_INT2_ISR                                text91       00540C
__end_of_INT2_setinterrupthandler                text40       005560
__end_of_Interrupt_Intx_Inti                     text38       004CB6
__end_of_MSSP_I2C_BC_ISR                         text90       0056C6
__end_of_MSSP_I2C_ISR                            text89       0056C2
__end_of_MSSP_I2C_Init                           text33       0034D4
__end_of_MSSP_I2C_Interrupt_Configurations       text35       004F98
__end_of_MSSP_I2C_Master_Read_Blocking           text58       0048E4
__end_of_MSSP_I2C_Master_Send_Repeated_Start     text57       0054F2
__end_of_MSSP_I2C_Master_Send_Start              text60       00530C
__end_of_MSSP_I2C_Master_Send_Stop               text59       0052D4
__end_of_MSSP_I2C_Master_Write_Blocking          text56       004DEC
__end_of_MSSP_I2C_Master_read_data_in_register   text55       004732
__end_of_MSSP_I2C_Mode_GPIO_CFG                  text34       0056B6
__end_of_RB4_ISR                                 text88       00565A
__end_of_RB5_ISR                                 text87       005640
__end_of_RB6_ISR                                 text86       005626
__end_of_RB7_ISR                                 text85       00560C
__end_of_TIMER0_ISR                              text84       0056A8
__end_of_TIMER1_ISR                              text83       00569A
__end_of_TIMER2_ISR                              text82       0056B0
__end_of_TIMER3_ISR                              text81       00568C
__end_of_Timer2_init                             text32       004566
__end_of_USART_RX_ISR                            text78       00549A
__end_of_USART_TX_ISR                            text77       0056BE
__end_of___awdiv                                 text10       003FEE
__end_of___awmod                                 text9        0042CE
__end_of___fladd                                 text68       001FEA
__end_of___fldiv                                 text67       002BC4
__end_of___flmul                                 text66       002414
__end_of___fltol                                 text65       003B8A
__end_of___lldiv                                 text31       0044C8
__end_of___lmul                                  text30       004D8C
__end_of___xxtofl                                text64       002F46
__end_of__initialization                         cinit        00484C
__end_of_abs                                     text8        0053AC
__end_of_adc_channel_port_confige                text73       003E56
__end_of_baudrate_calculate                      text22       001B2A
__end_of_ccp1_init                               text29       003216
__end_of_ccp1_pwm_set_duty                       text63       003A84
__end_of_ccp2_init                               text28       0030AE
__end_of_ccp2_pwm_set_duty                       text62       00396A
__end_of_configure_voltage_ref                   text53       004FE2
__end_of_convert_hex_to_dec                      text61       00566C
__end_of_ds1307_read_values                      text54       00337C
__end_of_fputc                                   text6        004424
__end_of_int0_interrupt                          text94       0054C8
__end_of_interrupt_intx_clear                    text50       004BD8
__end_of_interrupt_intx_disable                  text49       004B66
__end_of_interrupt_intx_edge_inti                text48       003734
__end_of_interrupt_intx_enable                   text47       004A7A
__end_of_interrupt_intx_pin_inti                 text43       0053DC
__end_of_interrupt_intx_sethandler               text39       00437A
__end_of_interrupt_manager                       intcode_body 00282A
__end_of_interrupt_usart_rx                      text79       00567E
__end_of_intitialized_functions                  text18       00421E
__end_of_lcd_4bit_intialize                      text24       003D7E
__end_of_lcd_4bit_send_char_data                 text17       004E4A
__end_of_lcd_4bit_send_char_data_pos             text15       0051B4
__end_of_lcd_4bit_send_command                   text25       004EA8
__end_of_lcd_4bit_send_enable_signal             text27       00522A
__end_of_lcd_4bit_send_string_pos                text14       0047C8
__end_of_lcd_4bit_set_cursor                     text16       00469A
__end_of_lcd_send_4bits                          text26       004C48
__end_of_main                                    text0        001648
__end_of_morot_stop                              text13       0050F4
__end_of_morot_turn_left                         text12       0050B0
__end_of_morot_turn_right                        text11       00506C
__end_of_motor_intialize                         text23       0051F0
__end_of_putch                                   text7        0056D4
__end_of_select_result_format                    text52       005138
__end_of_sprintf                                 text3        005378
__end_of_tc74_read_value                         text2        00529C
__end_of_usart_ASYNC_init                        text19       005028
__end_of_usart_ASYNC_read_byte_blocking          text80       0055D8
__end_of_usart_ASYNC_write_byte_blocking         text1        0055F2
__end_of_usart_async_rx_int                      text21       003C84
__end_of_usart_async_tx_int                      text20       003F2A
__end_of_value_ret                               smallconst   001011
__end_of_vfpfcnvrt                               text5        002D92
__end_of_vfprintf                                text4        005178
__end_ofi2_GPIO_pIN_TOGGLE_LOGIC                 text95       0049FC
__initialization                                 cinit        0047C8
__mediumconst                                    mediumconst  000000
__pbssBANK0                                      bssBANK0     000080
__pbssBANK1                                      bssBANK1     000159
__pbssCOMRAM                                     bssCOMRAM    000067
__pcinit                                         cinit        0047C8
__pcstackBANK0                                   cstackBANK0  0000FB
__pcstackBANK1                                   cstackBANK1  000195
__pcstackCOMRAM                                  cstackCOMRAM 000001
[...]
_motor_1                                         dataBANK0    0000F6
_motor_2                                         dataBANK0    0000F8
_motor_intialize                                 text23       0051B4
_mssp_i2c                                        dataBANK1    000124
_port_regisrers                                  dataBANK1    000100
_prec                                            bssBANK0     000082
_putch                                           text7        0056D2
_relay_1                                         dataBANK0    0000ED
_relay_2                                         dataBANK0    0000EC
_ret                                             bssBANK0     0000C4
_return_data_array                               bssBANK1     000179
_select_result_format                            text52       0050F4
_sprintf                                         text3        005344
_tc74                                            bssBANK0     0000D1
_tc74_read_value                                 text2        005264
_tris_regisrers                                  dataBANK0    0000DC
_usart_1                                         dataBANK1    000112
_usart_ASYNC_init                                text19       004FE2
_usart_ASYNC_read_byte_blocking                  text80       0055BC
_usart_ASYNC_write_byte_blocking                 text1        0055D8
_usart_async_rx_int                              text21       003B8A
_usart_async_tx_int                              text20       003E56
_value_ret                                       smallconst   001001
_vfpfcnvrt                                       text5        002BC4
_vfprintf                                        text4        005138
_width                                           bssBANK0     000080
abs@a                                            cstackCOMRAM 000013
adc_channel_port_confige@ADC_CHANNAL_SELECT      cstackCOMRAM 00000F
baudrate_calculate@baud_rate                     cstackBANK1  000195
baudrate_calculate@usart                         cstackBANK0  0000FB
btemp                                            temp         000073
ccp1_init@ccp1_                                  cstackCOMRAM 000026
ccp1_init@ret                                    cstackCOMRAM 00002C
ccp1_pwm_set_duty@duty                           cstackBANK1  000199
ccp1_pwm_set_duty@duty_                          cstackBANK1  00019A
ccp1_pwm_set_duty@l_duty_temp                    cstackBANK1  00019B
ccp2_init@ccp2_                                  cstackCOMRAM 000026
ccp2_init@ret                                    cstackCOMRAM 00002C
ccp2_pwm_set_duty@duty                           cstackBANK1  000199
ccp2_pwm_set_duty@duty_                          cstackBANK1  00019A
ccp2_pwm_set_duty@l_duty_temp                    cstackBANK1  00019B
configure_voltage_ref@ADC_conf                   cstackCOMRAM 00000D
convert_hex_to_dec@l_num                         cstackCOMRAM 00000D
convert_hex_to_dec@num                           cstackCOMRAM 00000E
ds1307_read_values@_ack                          cstackCOMRAM 00001F
ds1307_read_values@address_1                     cstackCOMRAM 00001C
ds1307_read_values@i2c_obj                       cstackCOMRAM 00001A
ds1307_read_values@return_data_array             cstackCOMRAM 00001D
end_of_initialization                            cinit        00484C
fputc@c                                          cstackCOMRAM 00000D
fputc@fp                                         cstackCOMRAM 00000F
i2GPIO_pIN_TOGGLE_LOGIC@config_pin               cstackCOMRAM 000001
i2GPIO_pIN_TOGGLE_LOGIC@ret                      cstackCOMRAM 000006
i2_GPIO_pIN_TOGGLE_LOGIC                         text95       004970
int$flags                                        temp         000073
int_func                                         intcode_body 002414
interrupt_intx_clear@INTERRUPT_INTX              cstackCOMRAM 00000D
interrupt_intx_clear@ret                         cstackCOMRAM 000011
interrupt_intx_disable@INTERRUPT_INTX            cstackCOMRAM 00000D
interrupt_intx_disable@ret                       cstackCOMRAM 000011
interrupt_intx_edge_inti@INTERRUPT_INTX          cstackCOMRAM 00000D
interrupt_intx_edge_inti@ret                     cstackCOMRAM 000011
interrupt_intx_enable@INTERRUPT_INTX             cstackCOMRAM 00000D
interrupt_intx_enable@ret                        cstackCOMRAM 000011
interrupt_intx_pin_inti@INTERRUPT_INTX           cstackCOMRAM 00001A
interrupt_intx_pin_inti@ret                      cstackCOMRAM 00001C
interrupt_intx_sethandler@INTERRUPT_INTX         cstackCOMRAM 00000F
interrupt_intx_sethandler@ret                    cstackCOMRAM 000013
interrupt_usart_rx@ret_data                      cstackCOMRAM 000002
intlevel0                                        text         000000
intlevel1                                        text         000000
intlevel2                                        text         000000
intlevel3                                        text         000000
isa$std                                          (abs)        000001
isa$xinst                                        (abs)        000000
lcd_4bit_intialize@l_data_pins_counter           cstackCOMRAM 00001F
lcd_4bit_intialize@lcd                           cstackCOMRAM 00001D
lcd_4bit_intialize@ret                           cstackCOMRAM 000020
lcd_4bit_send_char_data@data                     cstackCOMRAM 00001B
lcd_4bit_send_char_data@lcd                      cstackCOMRAM 00001A
lcd_4bit_send_char_data@ret                      cstackCOMRAM 00001C
lcd_4bit_send_char_data_pos@column               cstackCOMRAM 000025
lcd_4bit_send_char_data_pos@data                 cstackCOMRAM 000026
lcd_4bit_send_char_data_pos@lcd                  cstackCOMRAM 000023
lcd_4bit_send_char_data_pos@ret                  cstackCOMRAM 000027
lcd_4bit_send_char_data_pos@row                  cstackCOMRAM 000024
lcd_4bit_send_command@command                    cstackCOMRAM 00001B
lcd_4bit_send_command@lcd                        cstackCOMRAM 00001A
lcd_4bit_send_command@ret                        cstackCOMRAM 00001C
lcd_4bit_send_enable_signal@lcd                  cstackCOMRAM 000016
lcd_4bit_send_enable_signal@ret                  cstackCOMRAM 000018
lcd_4bit_send_string_pos@column                  cstackCOMRAM 000025
lcd_4bit_send_string_pos@lcd                     cstackCOMRAM 000023
lcd_4bit_send_string_pos@ret                     cstackCOMRAM 000028
lcd_4bit_send_string_pos@row                     cstackCOMRAM 000024
lcd_4bit_send_string_pos@str                     cstackCOMRAM 000026
lcd_4bit_set_cursor@coulmn                       cstackCOMRAM 00001F
lcd_4bit_set_cursor@lcd                          cstackCOMRAM 00001D
lcd_4bit_set_cursor@ret                          cstackCOMRAM 000022
lcd_4bit_set_cursor@row                          cstackCOMRAM 00001E
lcd_send_4bits@_data_command                     cstackCOMRAM 000017
lcd_send_4bits@lcd                               cstackCOMRAM 000016
lcd_send_4bits@ret                               cstackCOMRAM 000019
led_intialize@F3060                              bssCOMRAM    00006D
led_toggle@F3075                                 bssCOMRAM    00006A
led_turn_off@F3070                               bssCOMRAM    00006B
led_turn_on@F3065                                bssCOMRAM    00006C
main@i                                           cstackBANK1  0001A0
main@i_642                                       cstackBANK1  0001A2
main@i_646                                       cstackBANK1  0001A1
morot_stop@motor_pin                             cstackCOMRAM 000016
morot_stop@ret                                   cstackCOMRAM 000018
morot_turn_left@motor_pin                        cstackCOMRAM 000016
morot_turn_left@ret                              cstackCOMRAM 000018
morot_turn_right@motor_pin                       cstackCOMRAM 000016
morot_turn_right@ret                             cstackCOMRAM 000018
motor_intialize@motor_pin                        cstackCOMRAM 00001A
motor_intialize@ret                              cstackCOMRAM 00001C
relay_intialize@F3060                            bssCOMRAM    000069
relay_toggle@F3075                               bssBANK0     0000C1
relay_turn_off@F3070                             bssCOMRAM    000067
relay_turn_on@F3065                              bssCOMRAM    000068
select_result_format@ADC_conf                    cstackCOMRAM 00000D
sprintf@ap                                       cstackCOMRAM 00002C
sprintf@f                                        cstackCOMRAM 00002D
sprintf@fmt                                      cstackCOMRAM 000027
sprintf@s                                        cstackCOMRAM 000026
stackhi                                          (abs)        000000
stacklo                                          (abs)        000000
start                                            init         00000E
start_initialization                             cinit        0047C8
tc74_read_value@_ack                             cstackCOMRAM 00001F
tc74_read_value@i2c_data_1                       cstackCOMRAM 00001C
tc74_read_value@i2c_data_2                       cstackCOMRAM 00001D
tc74_read_value@i2c_obj                          cstackCOMRAM 00001A
tc74_read_value@ret_data                         cstackCOMRAM 00001E
ttemp5                                           temp         000074
ttemp6                                           temp         000077
ttemp7                                           temp         00007B
usart_ASYNC_init@usart                           cstackBANK1  00019D
usart_ASYNC_read_byte_blocking@data              cstackCOMRAM 000001
usart_ASYNC_write_byte_blocking@data             cstackCOMRAM 00000D
usart_async_rx_int@usart                         cstackCOMRAM 00000D
usart_async_tx_int@usart                         cstackCOMRAM 00000D
vfpfcnvrt@ap                                     cstackCOMRAM 000019
vfpfcnvrt@c                                      cstackCOMRAM 000021
vfpfcnvrt@convarg                                cstackCOMRAM 00001D
vfpfcnvrt@cp                                     cstackCOMRAM 00001C
vfpfcnvrt@done                                   cstackCOMRAM 00001B
vfpfcnvrt@fmt                                    cstackCOMRAM 000018
vfpfcnvrt@fp                                     cstackCOMRAM 000017
vfprintf@ap                                      cstackCOMRAM 000024
vfprintf@cfmt                                    cstackCOMRAM 000025
vfprintf@fmt                                     cstackCOMRAM 000023
vfprintf@fp                                      cstackCOMRAM 000022
wtemp8                                           temp         000074


MODULE INFORMATION

Module		Function		Class		Link	Load	Size
MKAL_layer/USART/hal_usart.c
		_baudrate_calculate		CODE           	1648	0000	1250
		_USART_RX_ISR  		CODE           	546C	0000	46
		_usart_ASYNC_read_byte_blocking		CODE           	55BC	0000	28
		_usart_ASYNC_init		CODE           	4FE2	0000	70
		_USART_TX_ISR  		CODE           	56BA	0000	4
		_usart_ASYNC_write_byte_blocking		CODE           	55D8	0000	26
		_usart_async_rx_int		CODE           	3B8A	0000	250
		_usart_async_tx_int		CODE           	3E56	0000	212

MKAL_layer/USART/hal_usart.c estimated size: 1886

MKAL_layer/timer/hal_timer0.c
		_TIMER0_ISR    		CODE           	569A	0000	14

MKAL_layer/timer/hal_timer0.c estimated size: 14

MKAL_layer/I2C/hal_i2c.c
		_MSSP_I2C_ISR  		CODE           	56BE	0000	4
		_MSSP_I2C_Master_Send_Repeated_Start		CODE           	54C8	0000	42
		_MSSP_I2C_Init 		CODE           	337C	0000	344
		_MSSP_I2C_Master_Send_Stop		CODE           	529C	0000	56
		_MSSP_I2C_Master_Send_Start		CODE           	52D4	0000	56
		_MSSP_I2C_Interrupt_Configurations		CODE           	4F4E	0000	74
		_MSSP_I2C_Master_Read_Blocking		CODE           	4856	0000	142
		_MSSP_I2C_BC_ISR		CODE           	56C2	0000	4
		_I2C_Slave_Mode_Configurations		CODE           	55A0	0000	28
		_I2C_Master_Mode_Clock_Configurations		CODE           	4566	0000	156
		_MSSP_I2C_Mode_GPIO_CFG		CODE           	56B0	0000	6
		_MSSP_I2C_Master_Write_Blocking		CODE           	4D8C	0000	96
		_MSSP_I2C_Master_read_data_in_register		CODE           	469A	0000	152

MKAL_layer/I2C/hal_i2c.c estimated size: 1160

MKAL_layer/gpio/pro_gpio.c
		_GPIO_pIN_WRITE_LOGIC		CODE           	3734	0000	284
		_GPIO_pIN_INTIALIZE		CODE           	4CB6	0000	108
		_GPIO_pIN_TOGGLE_LOGIC		CODE           	48E4	0000	140
		_GPIO_pIN_DIRECTION_INTIALIZE		CODE           	34D4	0000	308
		_GPIO_PORT_WRITE_LOGIC		CODE           	530C	0000	56

MKAL_layer/gpio/pro_gpio.c estimated size: 896

MKAL_layer/timer3/hal_timer3.c
		_TIMER3_ISR    		CODE           	567E	0000	14

MKAL_layer/timer3/hal_timer3.c estimated size: 14

C:\Program Files\Microchip\xc8\v2.45\pic\sources\c99\common\Umul32.c
		___lmul        		CODE           	4D22	0000	106

C:\Program Files\Microchip\xc8\v2.45\pic\sources\c99\common\Umul32.c estimated size: 106

C:\Program Files\Microchip\xc8\v2.45\pic\sources\c99\common\sprcmul.c
		___flmul       		CODE           	1FEA	0000	1066

C:\Program Files\Microchip\xc8\v2.45\pic\sources\c99\common\sprcmul.c estimated size: 1066

MKAL_layer/ADC/hal_adc.c
		_ADC_handeler_funvtion		CODE           	56CE	0000	4
		_adc_channel_port_confige		CODE           	3D7E	0000	216
		_configure_voltage_ref		CODE           	4F98	0000	74
		_ADC_ISconversion_done		CODE           	4F02	0000	76
		_ADC_ISconversion_result		CODE           	40AE	0000	190
		_ADC_start_conversion		CODE           	551C	0000	36
		_ADC_select_channal		CODE           	522A	0000	58
		_ADC_get_conversion_blocking		CODE           	4A7A	0000	122
		_select_result_format		CODE           	50F4	0000	68
		_ADC_inti      		CODE           	3FEE	0000	192

MKAL_layer/ADC/hal_adc.c estimated size: 1036

C:\Program Files\Microchip\xc8\v2.45\pic\sources\c99\common\sprcdiv.c
		___fldiv       		CODE           	282A	0000	922

C:\Program Files\Microchip\xc8\v2.45\pic\sources\c99\common\sprcdiv.c estimated size: 922

MKAL_layer/CCP1/hal_ccp1.c
		_ccp1_init     		CODE           	30AE	0000	360
		_CCP1_ISR      		CODE           	56CA	0000	4
		_ccp1_pwm_set_duty		CODE           	396A	0000	282

MKAL_layer/CCP1/hal_ccp1.c estimated size: 646

C:\Program Files\Microchip\xc8\v2.45\pic\sources\c99\common\nf_sprintf.c
		_sprintf       		CODE           	5344	0000	52

C:\Program Files\Microchip\xc8\v2.45\pic\sources\c99\common\nf_sprintf.c estimated size: 52

ECU_layer/TC74/hal_tc74.c
		_tc74_read_value		CODE           	5264	0000	56

ECU_layer/TC74/hal_tc74.c estimated size: 56

MKAL_layer/timer2/hal_timer2.c
		_TIMER2_ISR    		CODE           	56A8	0000	8
		_Timer2_init   		CODE           	44C8	0000	158

MKAL_layer/timer2/hal_timer2.c estimated size: 166

MKAL_layer/timer1/hal_timer1.c
		_TIMER1_ISR    		CODE           	568C	0000	14

MKAL_layer/timer1/hal_timer1.c estimated size: 14

C:\Program Files\Microchip\xc8\v2.45\pic\sources\c99\common\awmod.c
		___awmod       		CODE           	421E	0000	176

C:\Program Files\Microchip\xc8\v2.45\pic\sources\c99\common\awmod.c estimated size: 176

MKAL_layer/Interrupt/mcal_external_interrupt.c
		_interrupt_intx_edge_inti		CODE           	3608	0000	300
		_interrupt_intx_disable		CODE           	4AF4	0000	114
		_RB4_ISR       		CODE           	5640	0000	26
		_RB5_ISR       		CODE           	5626	0000	26
		_Interrupt_Intx_Inti		CODE           	4C48	0000	110
		_RB6_ISR       		CODE           	560C	0000	26
		_interrupt_intx_pin_inti		CODE           	53AC	0000	48
		_RB7_ISR       		CODE           	55F2	0000	26
		_interrupt_intx_sethandler		CODE           	42CE	0000	172
		_interrupt_intx_enable		CODE           	49FC	0000	126
		_INT0_setinterrupthandler		CODE           	5580	0000	32
		_INT0_ISR      		CODE           	543C	0000	48
		_INT1_setinterrupthandler		CODE           	5560	0000	32
		_INT1_ISR      		CODE           	540C	0000	48
		_interrupt_intx_clear		CODE           	4B66	0000	114
		_INT2_setinterrupthandler		CODE           	5540	0000	32
		_INT2_ISR      		CODE           	53DC	0000	48

MKAL_layer/Interrupt/mcal_external_interrupt.c estimated size: 1328

C:\Program Files\Microchip\xc8\v2.45\pic\sources\c99\common\putch.c
		_putch         		CODE           	56D2	0000	2

C:\Program Files\Microchip\xc8\v2.45\pic\sources\c99\common\putch.c estimated size: 2

shared
		__initialization		CODE           	47C8	0000	132
		_value_ret     		SMALLCONST     	1001	0000	16
		i2_GPIO_pIN_TOGGLE_LOGIC		CODE           	4970	0000	140

shared estimated size: 288

C:\Program Files\Microchip\xc8\v2.45\pic\sources\c99\common\xxtofl.c
		___xxtofl      		CODE           	2D92	0000	436

C:\Program Files\Microchip\xc8\v2.45\pic\sources\c99\common\xxtofl.c estimated size: 436

C:\Program Files\Microchip\xc8\v2.45\pic\sources\c99\common\abs.c
		_abs           		CODE           	5378	0000	52

C:\Program Files\Microchip\xc8\v2.45\pic\sources\c99\common\abs.c estimated size: 52

MKAL_layer/Interrupt/mcal_interrupt_manager.c
		_interrupt_manager		CODE           	0008	0000	1052

MKAL_layer/Interrupt/mcal_interrupt_manager.c estimated size: 1052

C:\Program Files\Microchip\xc8\v2.45\pic\sources\c99\common\__lldiv.c
		___lldiv       		CODE           	4424	0000	164

C:\Program Files\Microchip\xc8\v2.45\pic\sources\c99\common\__lldiv.c estimated size: 164

ECU_layer/DC_MOTOR/ecu_dc_motor.c
		_morot_turn_left		CODE           	506C	0000	68
		_motor_intialize		CODE           	51B4	0000	60
		_morot_turn_right		CODE           	5028	0000	68
		_morot_stop    		CODE           	50B0	0000	68

ECU_layer/DC_MOTOR/ecu_dc_motor.c estimated size: 264

C:\Program Files\Microchip\xc8\v2.45\pic\sources\c99\common\sprcadd.c
		___fladd       		CODE           	1B2A	0000	1216

C:\Program Files\Microchip\xc8\v2.45\pic\sources\c99\common\sprcadd.c estimated size: 1216

main.c
		_convert_hex_to_dec		CODE           	565A	0000	18
		_int0_interrupt		CODE           	549A	0000	46
		_main          		CODE           	1034	0000	1556
		_interrupt_usart_rx		CODE           	566C	0000	18
		_intitialized_functions		CODE           	416C	0000	178

main.c estimated size: 1816

MKAL_layer/CCP2/hal_ccp2.c
		_ccp2_init     		CODE           	2F46	0000	360
		_CCP2_ISR      		CODE           	56C6	0000	4
		_ccp2_pwm_set_duty		CODE           	3850	0000	282

MKAL_layer/CCP2/hal_ccp2.c estimated size: 646

C:\Program Files\Microchip\xc8\v2.45\pic\sources\c99\common\nf_fputc.c
		_fputc         		CODE           	437A	0000	170

C:\Program Files\Microchip\xc8\v2.45\pic\sources\c99\common\nf_fputc.c estimated size: 170

C:\Program Files\Microchip\xc8\v2.45\pic\sources\c99\common\doprnt.c
		_vfpfcnvrt     		CODE           	2BC4	0000	462
		_vfprintf      		CODE           	5138	0000	64

C:\Program Files\Microchip\xc8\v2.45\pic\sources\c99\common\doprnt.c estimated size: 526

C:\Program Files\Microchip\xc8\v2.45\pic\sources\c99\common\awdiv.c
		___awdiv       		CODE           	3F2A	0000	196

C:\Program Files\Microchip\xc8\v2.45\pic\sources\c99\common\awdiv.c estimated size: 196

ECU_layer/chr_lcd/ecu_chr_lcd.c
		_lcd_4bit_send_command		CODE           	4E4A	0000	94
		_lcd_4bit_send_string_pos		CODE           	4732	0000	150
		_lcd_4bit_send_char_data		CODE           	4DEC	0000	94
		_lcd_send_4bits		CODE           	4BD8	0000	112
		_lcd_4bit_intialize		CODE           	3C84	0000	250
		_lcd_4bit_send_char_data_pos		CODE           	5178	0000	60
		_lcd_4bit_set_cursor		CODE           	4602	0000	152
		_lcd_4bit_send_enable_signal		CODE           	51F0	0000	58

ECU_layer/chr_lcd/ecu_chr_lcd.c estimated size: 970

ECU_layer/DS1307/hal_ds1307.c
		_ds1307_read_values		CODE           	3216	0000	358

ECU_layer/DS1307/hal_ds1307.c estimated size: 358

C:\Program Files\Microchip\xc8\v2.45\pic\sources\c99\common\fltol.c
		___fltol       		CODE           	3A84	0000	262

C:\Program Files\Microchip\xc8\v2.45\pic\sources\c99\common\fltol.c estimated size: 262

